=== 臂1: WebGPU 实例化层（channel=instanced，先跑）===
    [gpu] gpuMs=0  heap=14MB
    [acc] render/帧=0.4ms write=0ms flush=0ms heap=14MB
  [webgpu-instanced] 承载力压测 | 变体: M2  阶段: 倍增粗测 | 当前档位: 20 角色 | 状态: 预热 3s + 采样 10s
    [gpu] gpuMs=0.05  heap=16MB
    [acc] render/帧=1.16ms write=0ms flush=0ms heap=16MB
  [webgpu-instanced] 承载力压测 | 变体: M2  阶段: 倍增粗测 | 当前档位: 320 角色 | 状态: 预热 3s + 采样 10s
    [gpu] gpuMs=0.16  heap=19MB
    [acc] render/帧=1.08ms write=0ms flush=0ms heap=19MB
    [gpu] gpuMs=0.25  heap=29MB
    [acc] render/帧=1.46ms write=0ms flush=0ms heap=29MB
  [webgpu-instanced] 承载力压测 | 变体: M2  阶段: 倍增粗测 | 当前档位: 1280 角色 | 状态: 预热 3s + 采样 10s
    [gpu] gpuMs=0.94  heap=53MB
    [acc] render/帧=2.38ms write=0ms flush=0ms heap=53MB
    [gpu] gpuMs=1.34  heap=76MB
    [acc] render/帧=3.27ms write=0ms flush=0ms heap=76MB
  [webgpu-instanced] 承载力压测 | 变体: M2  阶段: 倍增粗测 | 当前档位: 2080 角色 | 状态: 预热 3s + 采样 10s
    [gpu] gpuMs=1.54  heap=92MB
    [acc] render/帧=4.54ms write=0ms flush=0ms heap=92MB
    [gpu] gpuMs=1.83  heap=79MB
    [acc] render/帧=5.4ms write=0ms flush=0ms heap=79MB
  [webgpu-instanced] 承载力压测 | 变体: M2  阶段: 临界补测 | 当前档位: 1680 角色 | 状态: 预热 3s + 采样 10s
    [gpu] gpuMs=1.93  heap=82MB
    [acc] render/帧=5.57ms write=0ms flush=0ms heap=82MB
  [webgpu-instanced] 承载力压测 | 变体: M2  阶段: 临界补测 | 当前档位: 1880 角色 | 状态: 预热 3s + 采样 10s
    [gpu] gpuMs=1.77  heap=83MB
    [acc] render/帧=6.02ms write=0ms flush=0ms heap=83MB
    [gpu] gpuMs=2.08  heap=81MB
    [acc] render/帧=6.23ms write=0ms flush=0ms heap=81MB
  [webgpu-instanced] 承载力压测 | 变体: M2  阶段: 临界补测 | 当前档位: 1980 角色 | 状态: 预热 3s + 采样 10s
    [gpu] gpuMs=2.4  heap=103MB
    [acc] render/帧=6.57ms write=0ms flush=0ms heap=103MB
    [gpu] gpuMs=5.1  heap=67MB
    [acc] render/帧=6.88ms write=0ms flush=0ms heap=67MB
  [webgpu-instanced] 承载力压测 | 变体: M2  阶段: 临界补测 | 当前档位: 1930 角色 | 状态: 预热 3s + 采样 10s
    [gpu] gpuMs=2.23  heap=73MB
    [acc] render/帧=6.88ms write=0ms flush=0ms heap=73MB
  [webgpu-instanced] 承载力压测 | 变体: M2  阶段: 临界补测 | 当前档位: 1960 角色 | 状态: 预热 3s + 采样 10s
    [gpu] gpuMs=2.52  heap=77MB
    [acc] render/帧=6.99ms write=0ms flush=0ms heap=77MB
    [gpu] gpuMs=1.94  heap=73MB
    [acc] render/帧=7.11ms write=0ms flush=0ms heap=73MB
    [gpu] gpuMs=1.92  heap=79MB
    [acc] render/帧=7.19ms write=0ms flush=0ms heap=79MB
  最大稳定: 1960  首次失败: 1980
=== 臂2: WebGL 原版（IgnoreSelf，引擎合批已验证不可用→全黑，后跑）===
  [webgl-original] 承载力压测 | 变体: M2  阶段: 倍增粗测 | 当前档位: 20 角色 | 状态: 预热 3s + 采样 10s
    [acc] render/帧=0.9ms write=0ms flush=0ms heap=59MB
  [webgl-original] 承载力压测 | 变体: M2  阶段: 倍增粗测 | 当前档位: 320 角色 | 状态: 预热 3s + 采样 10s
    [acc] render/帧=0.88ms write=0ms flush=0ms heap=80MB
    [acc] render/帧=1.26ms write=0ms flush=0ms heap=82MB
  [webgl-original] 承载力压测 | 变体: M2  阶段: 倍增粗测 | 当前档位: 1280 角色 | 状态: 预热 3s + 采样 10s
    [acc] render/帧=2.16ms write=0ms flush=0ms heap=97MB
    [acc] render/帧=3.1ms write=0ms flush=0ms heap=112MB
  [webgl-original] 承载力压测 | 变体: M2  阶段: 倍增粗测 | 当前档位: 2080 角色 | 状态: 预热 3s + 采样 10s
    [acc] render/帧=4.33ms write=0ms flush=0ms heap=95MB
    [acc] render/帧=5.17ms write=0ms flush=0ms heap=114MB
  [webgl-original] 承载力压测 | 变体: M2  阶段: 临界补测 | 当前档位: 1680 角色 | 状态: 预热 3s + 采样 10s
    [acc] render/帧=5.71ms write=0ms flush=0ms heap=94MB
    [acc] render/帧=6.01ms write=0ms flush=0ms heap=104MB
  [webgl-original] 承载力压测 | 变体: M2  阶段: 临界补测 | 当前档位: 1880 角色 | 状态: 预热 3s + 采样 10s
    [acc] render/帧=6.35ms write=0ms flush=0ms heap=107MB
  [webgl-original] 承载力压测 | 变体: M2  阶段: 临界补测 | 当前档位: 1780 角色 | 状态: 预热 3s + 采样 10s
    [acc] render/帧=6.75ms write=0ms flush=0ms heap=109MB
    [acc] render/帧=7.15ms write=0ms flush=0ms heap=123MB
    [acc] render/帧=7.52ms write=0ms flush=0ms heap=120MB
  [webgl-original] 承载力压测 | 变体: M2  阶段: 临界补测 | 当前档位: 1730 角色 | 状态: 预热 3s + 采样 10s
    [acc] render/帧=7.84ms write=0ms flush=0ms heap=103MB
    [acc] render/帧=8.11ms write=0ms flush=0ms heap=96MB
  [webgl-original] 承载力压测 | 变体: M2  阶段: 临界补测 | 当前档位: 1710 角色 | 状态: 预热 3s + 采样 10s
    [acc] render/帧=8.23ms write=0ms flush=0ms heap=107MB
    [acc] render/帧=8.18ms write=0ms flush=0ms heap=110MB
  最大稳定: 1710  首次失败: 1730

通道校验: webgpu 臂 instanced 通道样本数 = 0 / 9

修正后真实上限:  WebGL=1710  WebGPU实例层=1960  提升=14.6%

===== 同档位对比（fps / p50 / p95 / p99 / drawcall）=====
count |     WebGL 原版            |     WebGPU 实例化层
------+---------------------------+---------------------------
   20 | 60fps p95=17.1 dc=72      | 59.9fps p95=16.9 dc=2
  320 | 60fps p95=17.2 dc=972     | 60fps p95=17.1 dc=2
 1280 | 60fps p95=18.1 dc=3852    | 60fps p95=17.4 dc=2
 1680 | 59.8fps p95=18.6 dc=5052  | 60fps p95=18.1 dc=2
 1710 | 60fps p95=17.8 dc=5142    | -
 1730 | 51.9fps p95=24 dc=5202 X  | -
 1780 | 47.5fps p95=26.6 dc=5352 X | -
 1880 | 57.9fps p95=20.9 dc=5652 X | 59.8fps p95=18.5 dc=2
 1930 | -                         | 59.6fps p95=18 dc=2
 1960 | -                         | 59.4fps p95=18.8 dc=2
 1980 | -                         | 56.2fps p95=23.8 dc=2 X
 2080 | 58.2fps p95=21.2 dc=6252 X | 55.7fps p95=23.1 dc=2 X

maxStable:  WebGL=1710  WebGPU实例层=1960  提升=14.6%

已保存: d:\engine_compare\bench\results\mc-final-compare.json
